// Jest Snapshot v1, https://goo.gl/fbAQLP

exports[`Input renders correctly with default props 1`] = `
<div>
  <div
    class="relative flex flex-col gap-1.5"
  >
    <div
      class="relative"
    >
      <input
        class="flex h-9 w-full rounded-md border border-input bg-transparent px-3 py-1 text-sm shadow-sm transition-colors file:border-0 file:bg-transparent file:text-sm file:font-medium placeholder:text-muted-foreground focus-visible:outline-none disabled:cursor-not-allowed disabled:opacity-50 focus-visible:ring-1 focus-visible:ring-ring"
      />
    </div>
  </div>
</div>
`;
