// Jest Snapshot v1, https://goo.gl/fbAQLP

exports[`Textarea matches snapshot 1`] = `
<div>
  <div
    class="relative flex flex-col gap-1.5"
  >
    <textarea
      class="flex min-h-[60px] w-full rounded-md border border-input bg-transparent px-3 py-2 text-sm shadow-sm transition-colors placeholder:text-muted-foreground focus-visible:outline-none disabled:cursor-not-allowed disabled:opacity-50 focus-visible:ring-1 focus-visible:ring-ring"
    />
  </div>
</div>
`;
